// Jest Snapshot v1, https://goo.gl/fbAQLP

exports[`Tooltip component renders correctly without params 1`] = `
<div
  className="sc-bYwzuL fmGcYd"
  display="inline-block"
  onMouseEnter={[Function]}
  onMouseLeave={[Function]}
>
  <div
    className="sc-bYwzuL gOuAQZ"
    display="flex"
    height="100%"
    width="100%"
  >
    <div
      className="sc-bYwzuL jYpDIb"
      data-qkind="Box"
      data-qoverride="Wrapper"
      display="flex"
      opacity={1}
      visibility="visible "
      width="max-content"
    >
      <div
        className="sc-cxNHIi jVnjbD"
        color="white"
        data-qkind="Text"
        data-qoverride="Title"
      >
        Some text
      </div>
      <div
        className="sc-bYwzuL fLaRcs"
        data-qkind="Box"
        data-qoverride="Arrow"
        opacity={1}
        visibility="visible "
      />
    </div>
  </div>
  <div
    className="sc-bYwzuL cUSOLF"
    data-qkind="Box"
    data-qoverride="Content"
    width="100%"
  />
</div>
`;
